2026-02-09T11:38:34.2409885Z Current runner version: '2.331.0'
2026-02-09T11:38:34.2444967Z ##[group]Runner Image Provisioner
2026-02-09T11:38:34.2446208Z Hosted Compute Agent
2026-02-09T11:38:34.2447101Z Version: 20260123.484
2026-02-09T11:38:34.2448346Z Commit: 6bd6555ca37d84114959e1c76d2c01448ff61c5d
2026-02-09T11:38:34.2449518Z Build Date: 2026-01-23T19:41:17Z
2026-02-09T11:38:34.2450542Z Worker ID: {f952c448-5014-44c6-b378-e1494509c7d8}
2026-02-09T11:38:34.2451736Z Azure Region: westus3
2026-02-09T11:38:34.2452557Z ##[endgroup]
2026-02-09T11:38:34.2455273Z ##[group]Operating System
2026-02-09T11:38:34.2456297Z Ubuntu
2026-02-09T11:38:34.2456990Z 24.04.3
2026-02-09T11:38:34.2458183Z LTS
2026-02-09T11:38:34.2458972Z ##[endgroup]
2026-02-09T11:38:34.2459860Z ##[group]Runner Image
2026-02-09T11:38:34.2460973Z Image: ubuntu-24.04
2026-02-09T11:38:34.2461873Z Version: 20260201.15.1
2026-02-09T11:38:34.2463904Z Included Software: https://github.com/actions/runner-images/blob/ubuntu24/20260201.15/images/ubuntu/Ubuntu2404-Readme.md
2026-02-09T11:38:34.2466418Z Image Release: https://github.com/actions/runner-images/releases/tag/ubuntu24%2F20260201.15
2026-02-09T11:38:34.2468287Z ##[endgroup]
2026-02-09T11:38:34.2470144Z ##[group]GITHUB_TOKEN Permissions
2026-02-09T11:38:34.2472563Z Contents: read
2026-02-09T11:38:34.2473496Z Metadata: read
2026-02-09T11:38:34.2474317Z Packages: read
2026-02-09T11:38:34.2475107Z ##[endgroup]
2026-02-09T11:38:34.2478582Z Secret source: Actions
2026-02-09T11:38:34.2479833Z Prepare workflow directory
2026-02-09T11:38:34.3145495Z Prepare all required actions
2026-02-09T11:38:34.3202243Z Getting action download info
2026-02-09T11:38:34.9114305Z Download action repository 'actions/checkout@v4' (SHA:34e114876b0b11c390a56381ad16ebd13914f8d5)
2026-02-09T11:38:35.0273833Z Download action repository 'actions/setup-java@v4' (SHA:c1e323688fd81a25caa38c78aa6df2d33d3e20d9)
2026-02-09T11:38:36.0464908Z Download action repository 'softprops/action-gh-release@v1' (SHA:de2c0eb89ae2a093876385947365aca7b0e5f844)
2026-02-09T11:38:36.7688887Z Download action repository 'actions/upload-artifact@v4' (SHA:ea165f8d65b6e75b540449e92b4886f43607fa02)
2026-02-09T11:38:37.0278844Z Complete job name: build
2026-02-09T11:38:37.1092144Z ##[group]Run actions/checkout@v4
2026-02-09T11:38:37.1093472Z with:
2026-02-09T11:38:37.1094180Z   repository: sanyoog/retro-cam
2026-02-09T11:38:37.1095361Z   token: ***
2026-02-09T11:38:37.1096051Z   ssh-strict: true
2026-02-09T11:38:37.1096757Z   ssh-user: git
2026-02-09T11:38:37.1097734Z   persist-credentials: true
2026-02-09T11:38:37.1098561Z   clean: true
2026-02-09T11:38:37.1099299Z   sparse-checkout-cone-mode: true
2026-02-09T11:38:37.1100208Z   fetch-depth: 1
2026-02-09T11:38:37.1100917Z   fetch-tags: false
2026-02-09T11:38:37.1101653Z   show-progress: true
2026-02-09T11:38:37.1102410Z   lfs: false
2026-02-09T11:38:37.1103091Z   submodules: false
2026-02-09T11:38:37.1103847Z   set-safe-directory: true
2026-02-09T11:38:37.1104956Z ##[endgroup]
2026-02-09T11:38:37.2378524Z Syncing repository: sanyoog/retro-cam
2026-02-09T11:38:37.2382511Z ##[group]Getting Git version info
2026-02-09T11:38:37.2384634Z Working directory is '/home/runner/work/retro-cam/retro-cam'
2026-02-09T11:38:37.2388049Z [command]/usr/bin/git version
2026-02-09T11:38:37.2390684Z git version 2.52.0
2026-02-09T11:38:37.2406654Z ##[endgroup]
2026-02-09T11:38:37.2420527Z Temporarily overriding HOME='/home/runner/work/_temp/ddb04c46-25dc-4509-9940-79bdb431f609' before making global git config changes
2026-02-09T11:38:37.2426444Z Adding repository directory to the temporary git global config as a safe directory
2026-02-09T11:38:37.2439768Z [command]/usr/bin/git config --global --add safe.directory /home/runner/work/retro-cam/retro-cam
2026-02-09T11:38:37.2484597Z Deleting the contents of '/home/runner/work/retro-cam/retro-cam'
2026-02-09T11:38:37.2490009Z ##[group]Initializing the repository
2026-02-09T11:38:37.2494827Z [command]/usr/bin/git init /home/runner/work/retro-cam/retro-cam
2026-02-09T11:38:37.2609876Z hint: Using 'master' as the name for the initial branch. This default branch name
2026-02-09T11:38:37.2614062Z hint: will change to "main" in Git 3.0. To configure the initial branch name
2026-02-09T11:38:37.2619111Z hint: to use in all of your new repositories, which will suppress this warning,
2026-02-09T11:38:37.2621542Z hint: call:
2026-02-09T11:38:37.2622733Z hint:
2026-02-09T11:38:37.2624236Z hint: 	git config --global init.defaultBranch <name>
2026-02-09T11:38:37.2626087Z hint:
2026-02-09T11:38:37.2628082Z hint: Names commonly chosen instead of 'master' are 'main', 'trunk' and
2026-02-09T11:38:37.2631186Z hint: 'development'. The just-created branch can be renamed via this command:
2026-02-09T11:38:37.2633612Z hint:
2026-02-09T11:38:37.2634728Z hint: 	git branch -m <name>
2026-02-09T11:38:37.2636043Z hint:
2026-02-09T11:38:37.2638147Z hint: Disable this message with "git config set advice.defaultBranchName false"
2026-02-09T11:38:37.2641380Z Initialized empty Git repository in /home/runner/work/retro-cam/retro-cam/.git/
2026-02-09T11:38:37.2648961Z [command]/usr/bin/git remote add origin https://github.com/sanyoog/retro-cam
2026-02-09T11:38:37.2677762Z ##[endgroup]
2026-02-09T11:38:37.2680269Z ##[group]Disabling automatic garbage collection
2026-02-09T11:38:37.2683797Z [command]/usr/bin/git config --local gc.auto 0
2026-02-09T11:38:37.2716638Z ##[endgroup]
2026-02-09T11:38:37.2721197Z ##[group]Setting up auth
2026-02-09T11:38:37.2724737Z [command]/usr/bin/git config --local --name-only --get-regexp core\.sshCommand
2026-02-09T11:38:37.2758454Z [command]/usr/bin/git submodule foreach --recursive sh -c "git config --local --name-only --get-regexp 'core\.sshCommand' && git config --local --unset-all 'core.sshCommand' || :"
2026-02-09T11:38:37.3977985Z [command]/usr/bin/git config --local --name-only --get-regexp http\.https\:\/\/github\.com\/\.extraheader
2026-02-09T11:38:37.3987573Z [command]/usr/bin/git submodule foreach --recursive sh -c "git config --local --name-only --get-regexp 'http\.https\:\/\/github\.com\/\.extraheader' && git config --local --unset-all 'http.https://github.com/.extraheader' || :"
2026-02-09T11:38:37.3996309Z [command]/usr/bin/git config --local --name-only --get-regexp ^includeIf\.gitdir:
2026-02-09T11:38:37.4002741Z [command]/usr/bin/git submodule foreach --recursive git config --local --show-origin --name-only --get-regexp remote.origin.url
2026-02-09T11:38:37.4010148Z [command]/usr/bin/git config --local http.https://github.com/.extraheader AUTHORIZATION: basic ***
2026-02-09T11:38:37.4018172Z ##[endgroup]
2026-02-09T11:38:37.4020143Z ##[group]Fetching the repository
2026-02-09T11:38:37.4024613Z [command]/usr/bin/git -c protocol.version=2 fetch --no-tags --prune --no-recurse-submodules --depth=1 origin +8d424ee679eefdf3e84c62e412366a743ff3c3a6:refs/remotes/origin/main
2026-02-09T11:38:37.9286939Z From https://github.com/sanyoog/retro-cam
2026-02-09T11:38:37.9287915Z  * [new ref]         8d424ee679eefdf3e84c62e412366a743ff3c3a6 -> origin/main
2026-02-09T11:38:37.9289670Z ##[endgroup]
2026-02-09T11:38:37.9290299Z ##[group]Determining the checkout info
2026-02-09T11:38:37.9291377Z ##[endgroup]
2026-02-09T11:38:37.9302242Z [command]/usr/bin/git sparse-checkout disable
2026-02-09T11:38:37.9348005Z [command]/usr/bin/git config --local --unset-all extensions.worktreeConfig
2026-02-09T11:38:37.9376848Z ##[group]Checking out the ref
2026-02-09T11:38:37.9380054Z [command]/usr/bin/git checkout --progress --force -B main refs/remotes/origin/main
2026-02-09T11:38:37.9487766Z Switched to a new branch 'main'
2026-02-09T11:38:37.9489509Z branch 'main' set up to track 'origin/main'.
2026-02-09T11:38:37.9493416Z ##[endgroup]
2026-02-09T11:38:37.9531592Z [command]/usr/bin/git log -1 --format=%H
2026-02-09T11:38:37.9555111Z 8d424ee679eefdf3e84c62e412366a743ff3c3a6
2026-02-09T11:38:37.9810054Z ##[group]Run actions/setup-java@v4
2026-02-09T11:38:37.9810340Z with:
2026-02-09T11:38:37.9810529Z   java-version: 17
2026-02-09T11:38:37.9810729Z   distribution: temurin
2026-02-09T11:38:37.9810929Z   cache: gradle
2026-02-09T11:38:37.9811111Z   java-package: jdk
2026-02-09T11:38:37.9811481Z   check-latest: false
2026-02-09T11:38:37.9811672Z   server-id: github
2026-02-09T11:38:37.9811866Z   server-username: GITHUB_ACTOR
2026-02-09T11:38:37.9812107Z   server-password: GITHUB_TOKEN
2026-02-09T11:38:37.9812339Z   overwrite-settings: true
2026-02-09T11:38:37.9812555Z   job-status: success
2026-02-09T11:38:37.9812863Z   token: ***
2026-02-09T11:38:37.9813049Z ##[endgroup]
2026-02-09T11:38:38.1959552Z ##[group]Installed distributions
2026-02-09T11:38:38.2038179Z Resolved Java 17.0.18+8 from tool-cache
2026-02-09T11:38:38.2040399Z Setting Java 17.0.18+8 as the default
2026-02-09T11:38:38.2053895Z Creating toolchains.xml for JDK version 17 from temurin
2026-02-09T11:38:38.2132409Z Writing to /home/runner/.m2/toolchains.xml
2026-02-09T11:38:38.2133319Z 
2026-02-09T11:38:38.2134861Z Java configuration:
2026-02-09T11:38:38.2136317Z   Distribution: temurin
2026-02-09T11:38:38.2137094Z   Version: 17.0.18+8
2026-02-09T11:38:38.2139940Z   Path: /opt/hostedtoolcache/Java_Temurin-Hotspot_jdk/17.0.18-8/x64
2026-02-09T11:38:38.2140947Z 
2026-02-09T11:38:38.2142772Z ##[endgroup]
2026-02-09T11:38:38.2162182Z Creating settings.xml with server-id: github
2026-02-09T11:38:38.2169143Z Writing to /home/runner/.m2/settings.xml
2026-02-09T11:38:38.5956454Z gradle cache is not found
2026-02-09T11:38:38.6124242Z ##[group]Run chmod +x gradlew
2026-02-09T11:38:38.6124606Z [36;1mchmod +x gradlew[0m
2026-02-09T11:38:38.6160481Z shell: /usr/bin/bash -e {0}
2026-02-09T11:38:38.6160737Z env:
2026-02-09T11:38:38.6161028Z   JAVA_HOME: /opt/hostedtoolcache/Java_Temurin-Hotspot_jdk/17.0.18-8/x64
2026-02-09T11:38:38.6161521Z   JAVA_HOME_17_X64: /opt/hostedtoolcache/Java_Temurin-Hotspot_jdk/17.0.18-8/x64
2026-02-09T11:38:38.6161886Z ##[endgroup]
2026-02-09T11:38:38.6273670Z ##[group]Run ./gradlew assembleRelease
2026-02-09T11:38:38.6273997Z [36;1m./gradlew assembleRelease[0m
2026-02-09T11:38:38.6302063Z shell: /usr/bin/bash -e {0}
2026-02-09T11:38:38.6302305Z env:
2026-02-09T11:38:38.6302595Z   JAVA_HOME: /opt/hostedtoolcache/Java_Temurin-Hotspot_jdk/17.0.18-8/x64
2026-02-09T11:38:38.6303109Z   JAVA_HOME_17_X64: /opt/hostedtoolcache/Java_Temurin-Hotspot_jdk/17.0.18-8/x64
2026-02-09T11:38:38.6303473Z ##[endgroup]
2026-02-09T11:38:39.0760789Z Downloading https://services.gradle.org/distributions/gradle-8.9-bin.zip
2026-02-09T11:38:42.1654630Z ............10%.............20%.............30%.............40%.............50%.............60%.............70%.............80%.............90%.............100%
2026-02-09T11:38:43.5706841Z 
2026-02-09T11:38:43.5711243Z Welcome to Gradle 8.9!
2026-02-09T11:38:43.5715132Z 
2026-02-09T11:38:43.5718974Z Here are the highlights of this release:
2026-02-09T11:38:43.5720942Z  - Enhanced Error and Warning Messages
2026-02-09T11:38:43.5748305Z  - IDE Integration Improvements
2026-02-09T11:38:43.5748767Z  - Daemon JVM Information
2026-02-09T11:38:43.5749038Z 
2026-02-09T11:38:43.5749364Z For more details see https://docs.gradle.org/8.9/release-notes.html
2026-02-09T11:38:43.5749853Z 
2026-02-09T11:38:43.8698338Z Starting a Gradle Daemon (subsequent builds will be faster)
2026-02-09T11:40:41.6703040Z 
2026-02-09T11:40:41.6768942Z > Configure project :
2026-02-09T11:40:41.6877030Z w: file:///home/runner/work/retro-cam/retro-cam/build.gradle.kts:10:24: 'getter for buildDir: File!' is deprecated. Deprecated in Java
2026-02-09T11:40:54.3699016Z 
2026-02-09T11:40:54.3702946Z > Task :app:buildKotlinToolingMetadata
2026-02-09T11:40:54.3715712Z > Task :app:checkKotlinGradlePluginConfigurationErrors SKIPPED
2026-02-09T11:40:54.3726944Z > Task :app:preBuild UP-TO-DATE
2026-02-09T11:40:54.3728354Z > Task :app:preReleaseBuild UP-TO-DATE
2026-02-09T11:40:54.4698595Z > Task :app:generateReleaseBuildConfig
2026-02-09T11:41:24.4697976Z > Task :app:checkReleaseAarMetadata
2026-02-09T11:42:01.8730682Z > Task :app:generateReleaseResValues
2026-02-09T11:42:02.0698065Z > Task :app:mapReleaseSourceSetPaths
2026-02-09T11:42:02.0699204Z > Task :app:generateReleaseResources
2026-02-09T11:42:05.0697694Z > Task :app:packageReleaseResources
2026-02-09T11:42:06.5718765Z > Task :app:parseReleaseLocalResources
2026-02-09T11:42:06.5719684Z > Task :app:createReleaseCompatibleScreenManifests
2026-02-09T11:42:06.5720381Z > Task :app:extractDeepLinksRelease
2026-02-09T11:42:06.5721174Z > Task :app:mergeReleaseResources
2026-02-09T11:42:07.0710331Z > Task :app:processReleaseMainManifest
2026-02-09T11:42:07.2700784Z > Task :app:processReleaseManifest
2026-02-09T11:42:17.7699903Z > Task :app:processReleaseManifestForPackage
2026-02-09T11:42:17.7700496Z > Task :app:javaPreCompileRelease
2026-02-09T11:42:18.0699035Z > Task :app:extractProguardFiles
2026-02-09T11:42:18.1711019Z > Task :app:mergeReleaseJniLibFolders
2026-02-09T11:42:19.5698541Z > Task :app:mergeReleaseNativeLibs
2026-02-09T11:42:19.5699890Z > Task :app:processReleaseResources
2026-02-09T11:42:19.6698434Z 
2026-02-09T11:42:19.6703799Z > Task :app:stripReleaseDebugSymbols
2026-02-09T11:42:19.6705022Z Unable to strip the following libraries, packaging them as they are: libimage_processing_util_jni.so.
2026-02-09T11:42:34.5718046Z 
2026-02-09T11:42:34.5718603Z > Task :app:extractReleaseNativeSymbolTables
2026-02-09T11:42:34.5738178Z > Task :app:mergeReleaseNativeDebugMetadata NO-SOURCE
2026-02-09T11:42:39.4696914Z > Task :app:checkReleaseDuplicateClasses
2026-02-09T11:42:39.6699909Z > Task :app:mergeReleaseArtProfile
2026-02-09T11:42:39.6731472Z > Task :app:mergeReleaseStartupProfile
2026-02-09T11:42:39.6732274Z > Task :app:mergeReleaseShaders
2026-02-09T11:42:39.6732834Z > Task :app:compileReleaseShaders NO-SOURCE
2026-02-09T11:42:39.6733495Z > Task :app:generateReleaseAssets UP-TO-DATE
2026-02-09T11:42:40.0698292Z > Task :app:mergeReleaseAssets
2026-02-09T11:42:40.0699253Z > Task :app:compressReleaseAssets
2026-02-09T11:42:40.2716575Z > Task :app:extractReleaseVersionControlInfo
2026-02-09T11:42:40.2724432Z > Task :app:processApplicationManifestReleaseForBundle
2026-02-09T11:42:41.0697627Z > Task :app:bundleReleaseResources
2026-02-09T11:42:41.4708689Z > Task :app:collectReleaseDependencies
2026-02-09T11:42:41.6711081Z > Task :app:sdkReleaseDependencyData
2026-02-09T11:42:44.3698001Z > Task :app:validateSigningRelease
2026-02-09T11:42:44.3698986Z > Task :app:writeReleaseAppMetadata
2026-02-09T11:42:44.3699620Z > Task :app:writeReleaseSigningConfigVersions
2026-02-09T11:42:47.0740705Z e: file:///home/runner/work/retro-cam/retro-cam/app/src/main/kotlin/com/retrocam/app/presentation/camera/CameraViewModel.kt:127:6 Expecting 'catch' or 'finally'
2026-02-09T11:42:47.0742661Z e: file:///home/runner/work/retro-cam/retro-cam/app/src/main/kotlin/com/retrocam/app/presentation/camera/CameraViewModel.kt:154:85 Expecting an element
2026-02-09T11:42:47.0744553Z e: file:///home/runner/work/retro-cam/retro-cam/app/src/main/kotlin/com/retrocam/app/presentation/camera/CameraViewModel.kt:154:97 Expecting an element
2026-02-09T11:42:47.0746354Z e: file:///home/runner/work/retro-cam/retro-cam/app/src/main/kotlin/com/retrocam/app/presentation/camera/CameraViewModel.kt:154:102 Expecting an element
2026-02-09T11:42:47.0748315Z e: file:///home/runner/work/retro-cam/retro-cam/app/src/main/kotlin/com/retrocam/app/presentation/camera/CameraViewModel.kt:154:117 Expecting an element
2026-02-09T11:42:47.0750098Z e: file:///home/runner/work/retro-cam/retro-cam/app/src/main/kotlin/com/retrocam/app/presentation/camera/CameraViewModel.kt:154:124 Expecting an element
2026-02-09T11:42:47.0751794Z e: file:///home/runner/work/retro-cam/retro-cam/app/src/main/kotlin/com/retrocam/app/presentation/camera/CameraViewModel.kt:155:13 Expecting an element
2026-02-09T11:42:47.0753494Z e: file:///home/runner/work/retro-cam/retro-cam/app/src/main/kotlin/com/retrocam/app/presentation/camera/CameraViewModel.kt:173:2 Missing '}
2026-02-09T11:42:47.0755010Z e: file:///home/runner/work/retro-cam/retro-cam/app/src/main/kotlin/com/retrocam/app/ui/camera/CameraScreen.kt:180:24 Expecting an element
2026-02-09T11:42:47.0756529Z e: file:///home/runner/work/retro-cam/retro-cam/app/src/main/kotlin/com/retrocam/app/ui/camera/CameraScreen.kt:180:28 Expecting ')'
2026-02-09T11:42:47.0784495Z e: file:///home/runner/work/retro-cam/retro-cam/app/src/main/kotlin/com/retrocam/app/ui/camera/CameraScreen.kt:180:29 Unexpected tokens (use ';' to separate expressions on the same line)
2026-02-09T11:42:47.0786684Z e: file:///home/runner/work/retro-cam/retro-cam/app/src/main/kotlin/com/retrocam/app/ui/camera/CameraScreen.kt:181:13 Unexpected tokens (use ';' to separate expressions on the same line)
2026-02-09T11:42:47.0788809Z e: file:///home/runner/work/retro-cam/retro-cam/app/src/main/kotlin/com/retrocam/app/ui/camera/CameraScreen.kt:182:1 Expecting an element
2026-02-09T11:42:47.0790695Z e: file:///home/runner/work/retro-cam/retro-cam/app/src/main/kotlin/com/retrocam/app/ui/camera/CameraScreen.kt:230:35 Expecting an element
2026-02-09T11:42:47.0792299Z e: file:///home/runner/work/retro-cam/retro-cam/app/src/main/kotlin/com/retrocam/app/ui/camera/CameraScreen.kt:230:48 Expecting an element
2026-02-09T11:42:47.0793903Z e: file:///home/runner/work/retro-cam/retro-cam/app/src/main/kotlin/com/retrocam/app/ui/camera/CameraScreen.kt:230:61 Expecting an element
2026-02-09T11:42:47.0795795Z e: file:///home/runner/work/retro-cam/retro-cam/app/src/main/kotlin/com/retrocam/app/ui/camera/CameraScreen.kt:230:61 Unexpected tokens (use ';' to separate expressions on the same line)
2026-02-09T11:42:47.0797802Z e: file:///home/runner/work/retro-cam/retro-cam/app/src/main/kotlin/com/retrocam/app/ui/camera/CameraScreen.kt:232:9 Expecting an element
2026-02-09T11:42:47.0799258Z e: file:///home/runner/work/retro-cam/retro-cam/app/src/main/kotlin/com/retrocam/app/ui/camera/CameraScreen.kt:352:2 Expecting '}'
2026-02-09T11:42:47.0825549Z 
2026-02-09T11:42:47.0825763Z > Task :app:kspReleaseKotlin FAILED
2026-02-09T11:42:47.1720468Z 
2026-02-09T11:42:47.1721619Z FAILURE: Build failed with an exception.
2026-02-09T11:42:47.1723250Z 
2026-02-09T11:42:47.1729220Z * What went wrong:
2026-02-09T11:42:47.1730116Z Execution failed for task ':app:kspReleaseKotlin'.
2026-02-09T11:42:47.1732744Z > A failure occurred while executing org.jetbrains.kotlin.compilerRunner.GradleCompilerRunnerWithWorkers$GradleKotlinCompilerWorkAction
2026-02-09T11:42:47.1734609Z    > Compilation error. See log for more details
2026-02-09T11:42:47.1734932Z 
2026-02-09T11:42:47.1735032Z * Try:
2026-02-09T11:42:47.1773143Z > Run with --stacktrace option to get the stack trace.
2026-02-09T11:42:47.1774222Z > Run with --info or --debug option to get more log output.
2026-02-09T11:42:47.1775155Z > Run with --scan to get full insights.
2026-02-09T11:42:47.1775638Z 36 actionable tasks: 36 executed
2026-02-09T11:42:47.1782126Z > Get more help at https://help.gradle.org.
2026-02-09T11:42:47.1783972Z 
2026-02-09T11:42:47.1785577Z BUILD FAILED in 4m 8s
2026-02-09T11:42:47.8031694Z ##[error]Process completed with exit code 1.
2026-02-09T11:42:47.8159560Z Post job cleanup.
2026-02-09T11:42:47.9948957Z Post job cleanup.
2026-02-09T11:42:48.0933549Z [command]/usr/bin/git version
2026-02-09T11:42:48.0974323Z git version 2.52.0
2026-02-09T11:42:48.1021469Z Temporarily overriding HOME='/home/runner/work/_temp/0541f165-82a2-426a-9efd-5b45eddeded5' before making global git config changes
2026-02-09T11:42:48.1023356Z Adding repository directory to the temporary git global config as a safe directory
2026-02-09T11:42:48.1028209Z [command]/usr/bin/git config --global --add safe.directory /home/runner/work/retro-cam/retro-cam
2026-02-09T11:42:48.1072945Z [command]/usr/bin/git config --local --name-only --get-regexp core\.sshCommand
2026-02-09T11:42:48.1108747Z [command]/usr/bin/git submodule foreach --recursive sh -c "git config --local --name-only --get-regexp 'core\.sshCommand' && git config --local --unset-all 'core.sshCommand' || :"
2026-02-09T11:42:48.1347765Z [command]/usr/bin/git config --local --name-only --get-regexp http\.https\:\/\/github\.com\/\.extraheader
2026-02-09T11:42:48.1370845Z http.https://github.com/.extraheader
2026-02-09T11:42:48.1385685Z [command]/usr/bin/git config --local --unset-all http.https://github.com/.extraheader
2026-02-09T11:42:48.1421832Z [command]/usr/bin/git submodule foreach --recursive sh -c "git config --local --name-only --get-regexp 'http\.https\:\/\/github\.com\/\.extraheader' && git config --local --unset-all 'http.https://github.com/.extraheader' || :"
2026-02-09T11:42:48.1650994Z [command]/usr/bin/git config --local --name-only --get-regexp ^includeIf\.gitdir:
2026-02-09T11:42:48.1684166Z [command]/usr/bin/git submodule foreach --recursive git config --local --show-origin --name-only --get-regexp remote.origin.url
2026-02-09T11:42:48.2022613Z Cleaning up orphan processes
2026-02-09T11:42:48.2280084Z Terminate orphan process: pid (2087) (java)
2026-02-09T11:42:48.2311434Z Terminate orphan process: pid (2268) (java)